// Jest Snapshot v1, https://goo.gl/fbAQLP

exports[`Button Test 1`] = `
<div>
  <button
    class="sc-bdvvtL hoPvan"
    data-testid="test"
    name="test"
  >
    Hello
  </button>
</div>
`;
